// Jest Snapshot v1, https://goo.gl/fbAQLP

exports[`renders retry 1`] = `"<div class=\\"container\\"><div class=\\"text\\">genericError</div><button class=\\"button\\">retry</button></div>"`;
