// Jest Snapshot v1, https://goo.gl/fbAQLP

exports[`renders product grid 1`] = `"<div class=\\"container\\"><div class=\\"title\\">productGrid.title</div><div class=\\"products\\"></div></div>"`;
