// Jest Snapshot v1, https://goo.gl/fbAQLP

exports[`renders message when receiving empty products 1`] = `"<div class=\\"container\\"><div class=\\"emptyMessage\\">checkout.empty</div></div>"`;
