// Jest Snapshot v1, https://goo.gl/fbAQLP

exports[`renders shopping cart 1`] = `"<div><div class=\\"container\\"><span class=\\"text\\"></span><span class=\\"badge\\">1</span></div></div>"`;
