// Jest Snapshot v1, https://goo.gl/fbAQLP

exports[`renders navigation bar 1`] = `"<nav class=\\"container\\"><div></div><div></div></nav>"`;
